// Jest Snapshot v1, https://goo.gl/fbAQLP

exports[`Tests for react components Coin details component should render correctly 1`] = `undefined`;

exports[`Tests for react components Coin list component should render correctly 1`] = `undefined`;

exports[`Tests for react components Header component should render correctly 1`] = `undefined`;
